// Jest Snapshot v1, https://goo.gl/fbAQLP

exports[`Pruebas de <GifExpertApp />)  debe mostrar el componenete correctamente 1`] = `
<Fragment>
  <h2>
    Gif Expert App
  </h2>
  <AddCategory
    setCategories={[Function]}
  />
  <hr />
  <ol>
    <GifGrid
      category="Goku"
      key="Goku"
    />
  </ol>
</Fragment>
`;
